
 RUN  v4.0.18 C:/Users/User/Workspace/poke-word-chain

 ??src/hooks/useGame.test.ts (3 tests | 3 failed) 14ms
     횞 should start with AI message and handle user response 9ms
     횞 should include pokemonImageUrl in AI response in Normal Mode 1ms
     횞 should include pokemonImageUrl in AI response in AI Mode 1ms
node.exe : 
위치 줄:1 문자:1
+ & "C:\Users\User\Ap
pData\Local\fnm_multi
shells\24840_17705528
47680/no ...
+ ~~~~~~~~~~~~~~~~~~~
~~~~~~~~~~~~~~~~~~~~~
~~~~~~~~~~~~~~~~~~~~~
~~~~~~~~
    + CategoryInfo   
           : NotSpe  
  cified: (:String   
 ) [], RemoteExce    
ption
    + FullyQualified 
   ErrorId : Native  
  CommandError
 
??렞??렞??렞??Failed Tes
ts 3 ??렞??렞??렞??
 FAIL  src/hooks/useG
ame.test.ts > useGame
 Hook - AI Image Disp
lay > should start wi
th AI message and han
dle user response
ReferenceError: docum
ent is not defined
 ??render node_module
s/@testing-library/re
act/dist/pure.js:256:
5
 ??Proxy.renderHook n
ode_modules/@testing-
library/react/dist/pu
re.js:339:7
 ??src/hooks/useGame.
test.ts:63:28
     61|         (gem
iniApi.getAiWord as a
ny).mockReturnValue('
由ъ옄??);
     62| 
     63|         cons
t { result } = render
Hook(() => useGame())
;
       |             
               ^
     64| 
     65|         // S
tart Game

??렞??렞??렞??렞??렞??렞??렞
??렞??렞??렞??렞??렞[1/3]?
?
 FAIL  src/hooks/useG
ame.test.ts > useGame
 Hook - AI Image Disp
lay > should include 
pokemonImageUrl in AI
 response in Normal M
ode
ReferenceError: docum
ent is not defined
 ??render node_module
s/@testing-library/re
act/dist/pure.js:256:
5
 ??Proxy.renderHook n
ode_modules/@testing-
library/react/dist/pu
re.js:339:7
 ??src/hooks/useGame.
test.ts:115:28
    113|         (gem
iniApi.getAiWord as a
ny).mockReturnValue('
由ъ옄??);
    114| 
    115|         cons
t { result } = render
Hook(() => useGame())
;
       |             
               ^
    116| 
    117|         // S
tart Game

??렞??렞??렞??렞??렞??렞??렞
??렞??렞??렞??렞??렞[2/3]?
?
 FAIL  src/hooks/useG
ame.test.ts > useGame
 Hook - AI Image Disp
lay > should include 
pokemonImageUrl in AI
 response in AI Mode
ReferenceError: docum
ent is not defined
 ??render node_module
s/@testing-library/re
act/dist/pure.js:256:
5
 ??Proxy.renderHook n
ode_modules/@testing-
library/react/dist/pu
re.js:339:7
 ??src/hooks/useGame.
test.ts:157:28
    155|         (gem
iniApi.getAiMessage a
s any).mockResolvedVa
lue('由ъ옄?? 遺덇퐙 ?몃?!??
    156| 
    157|         cons
t { result } = render
Hook(() => useGame())
;
       |             
               ^
    158| 
    159|         // S
tart Game

??렞??렞??렞??렞??렞??렞??렞
??렞??렞??렞??렞??렞[3/3]?
?

 Test Files  1 failed (1)
      Tests  3 failed (3)
   Start at  23:45:39
   Duration  1.06s (transform 174ms, setup 0ms, import 743ms, tests 14ms, environment 0ms)

